// Jest Snapshot v1, https://goo.gl/fbAQLP

exports[`AmenitiesListEntry should render correctly 1`] = `
<styled.li>
  mockAmenity
</styled.li>
`;
