// Jest Snapshot v1, https://goo.gl/fbAQLP

exports[`ParagraphListEntry should render correctly 1`] = `
<styled.p>
  mockParagraph
</styled.p>
`;
